On branch main
Your branch is up to date with 'origin/main'.

Changes not staged for commit:
  (use "git add/rm <file>..." to update what will be committed)
  (use "git restore <file>..." to discard changes in working directory)
	modified:   README.md
	deleted:    conda_create.log
	deleted:    conda_env_list.log
	deleted:    conda_list.log
	deleted:    docs/planning/environment_setup_options.md
	deleted:    docs/planning/git_submodule_fix_plan.md
	deleted:    docs/planning/git_update_plan.md
	deleted:    docs/planning/github_upload_plan.md
	deleted:    docs/planning/gpu_check_plan.md
	deleted:    docs/planning/json_formats_extraction_plan.md
	deleted:    docs/planning/miniconda_setup_plan.md
	deleted:    docs/planning/schema_explanation_plan.md
	deleted:    dry_run.log
	deleted:    extraction.log
	deleted:    git_upload.log
	modified:   knowledge_retention.md
	deleted:    ltl_extraction.log
	deleted:    ping_test.log
	deleted:    ps_check.log
	deleted:    test_extractor_import.log
	deleted:    test_extractor_units.log
	deleted:    test_unit_result.log

Untracked files:
  (use "git add <file>..." to include in what will be committed)
	docs/planning/graph_creation_documentation_plan.md
	docs/planning/graph_structure_documentation_plan.md
	docs/planning/simplify_knowledge_retention_plan.md
	docs/planning/wiki_processing_exp/
	docs/reports/wiki_processing_report.md
	files_given/wiki.md
	output/check_graph_env_packages.log
	output/check_packages.log
	output/circuits_summary.log
	output/conda_envs.log
	output/env_check.log
	output/git_status_check.log
	output/grep_p7.txt
	output/pip_install.log
	output/poc_env_check.log
	output/recent_git_log.txt
	output/rm_p10_plan.log
	output/steps_p7.jsonl
	output/steps_p7_early.jsonl
	output/test_all_rules_eval.log
	output/test_embeddings.log
	output/test_ltl_eval.log
	output/test_parens.log
	output/wiki_action_circuits.json
	output/wiki_action_circuits_review.md
	output/wiki_all_ltl_rules.log
	output/wiki_circuit_builder.log
	output/wiki_extracted_ltl_rules.json
	output/wiki_extracted_policies.json
	output/wiki_guardrail_demo_results.json
	output/wiki_guardrail_demo_review.md
	output/wiki_ltl_prompt_preview.txt
	output/wiki_ltl_review.md
	output/wiki_ltl_validation_check.log
	output/wiki_p1_dryrun.log
	output/wiki_p1_extraction.log
	output/wiki_p3_dryrun.log
	output/wiki_p3_extraction.log
	output/wiki_policy_review.md
	output/wiki_predicates_dump.log
	output/wiki_prompt_preview.txt
	output/wiki_quality_and_domain_review.md
	output/wiki_raw_predicates_inspection.log
	output/wiki_rules_logic_dump.log
	output/wiki_validation_check.log
	output/wiki_verifier_execution.log
	output/wiki_vr_dryrun.log
	output/wiki_vr_execution.log
	output/wiki_vr_predicates_list.txt
	output/wiki_vr_prompt_preview.txt
	output/wiki_vr_refined_rules.json
	output/wiki_vr_review.md
	output/wiki_vr_validation_check.log
	src/__pycache__/test_trajectories.cpython-310.pyc
	src/__pycache__/verifier.cpython-310.pyc
	src/circuit_builder.py
	src/refiner_vr.py
	src/test_trajectories.py
	src/verifier.py

no changes added to commit (use "git add" and/or "git commit -a")
