Collecting numpy
  Downloading numpy-2.2.6-cp310-cp310-manylinux_2_17_x86_64.manylinux2014_x86_64.whl.metadata (62 kB)
Collecting scipy
  Downloading scipy-1.15.3-cp310-cp310-manylinux_2_17_x86_64.manylinux2014_x86_64.whl.metadata (61 kB)
Collecting scikit-learn
  Downloading scikit_learn-1.7.2-cp310-cp310-manylinux2014_x86_64.manylinux_2_17_x86_64.whl.metadata (11 kB)
Collecting joblib>=1.2.0 (from scikit-learn)
  Downloading joblib-1.6.0-py3-none-any.whl.metadata (6.5 kB)
Collecting threadpoolctl>=3.1.0 (from scikit-learn)
  Downloading threadpoolctl-3.7.0-py3-none-any.whl.metadata (24 kB)
Collecting cloudpickle>=3.0 (from joblib>=1.2.0->scikit-learn)
  Downloading cloudpickle-3.1.2-py3-none-any.whl.metadata (7.1 kB)
Downloading numpy-2.2.6-cp310-cp310-manylinux_2_17_x86_64.manylinux2014_x86_64.whl (16.8 MB)
   ━━━━━━ 16.8/… 23.4    0:00:…
          MB     MB/s          
Downloading scipy-1.15.3-cp310-cp310-manylinux_2_17_x86_64.manylinux2014_x86_64.whl (37.7 MB)
   ━━━━━━ 37.7/… 20.5    0:00:…
          MB     MB/s          
Downloading scikit_learn-1.7.2-cp310-cp310-manylinux2014_x86_64.manylinux_2_17_x86_64.whl (9.7 MB)
   ━━━━━━ 9.7/9… 15.7    0:00:…
          MB     MB/s          
Downloading joblib-1.6.0-py3-none-any.whl (306 kB)
Downloading cloudpickle-3.1.2-py3-none-any.whl (22 kB)
Downloading threadpoolctl-3.7.0-py3-none-any.whl (26 kB)
Installing collected packages: threadpoolctl, numpy, cloudpickle, scipy, joblib, scikit-learn

Successfully installed cloudpickle-3.1.2 joblib-1.6.0 numpy-2.2.6 scikit-learn-1.7.2 scipy-1.15.3 threadpoolctl-3.7.0
