/home/azureuser/miniconda3/envs/shieldagent-poc/lib/python3.10/site-packages/sklearn/manifold/_spectral_embedding.py:328: UserWarning: Graph is not fully connected, spectral embedding may not work as expected.
  warnings.warn(
Loading rules from: output/wiki_extracted_ltl_rules.json
Loaded 25 rules.
Partitioning predicates into State (Ps) and Action (Pa)...
Identified 27 State Predicates and 26 Action Predicates.
Building state adjacency matrix A with similarity threshold=0.5...
Adjacency matrix built: shape=(27, 27), non-zero edges=73
Executing Spectral Clustering & Rule Co-occurrence Unification...
Clustering complete: resolved into 5 unified state topic clusters.
Assembling Action Rule Circuits G_ASPM[pa]...
Successfully saved Action Circuits to: output/wiki_action_circuits.json

--- Circuit Verification Overhead Statistics ---
Action: cancel_order           | Rules: 07/25 | Reduction:  72.0% | States: 04
Action: modify_order           | Rules: 23/25 | Reduction:   8.0% | States: 23
Action: return_order           | Rules: 22/25 | Reduction:  12.0% | States: 23
Action: exchange_order         | Rules: 23/25 | Reduction:   8.0% | States: 25
Action: authenticate_user      | Rules: 15/25 | Reduction:  40.0% | States: 19
Action: provide_information    | Rules: 15/25 | Reduction:  40.0% | States: 19
Action: send_response          | Rules: 15/25 | Reduction:  40.0% | States: 19
Action: transfer_to_human      | Rules: 15/25 | Reduction:  40.0% | States: 19
